FACEBOOK UK LTD
==Income
SELFRIDGES
==Retail (Other)
TFL.GOV.UK
==Public Transport
KCL KINGS FOOD
==Food & Drink
TESCO
==Retail (Other)
THE FRUIT GARDEN
==Retail (Other)
UBER
==Public Transport
REGULAR SAVER
==Savings & Financial
LOYALTY ISA
==Savings & Financial
SCOTTISHPOWER
==Household Bills & Utilities
FITNESS FIRST
==Entertainment & Leisure
CASH
==Cash Withdrawals
STARBUCKS
==Food & Drink
SALARY
==Income
REVOLUT
==Bank Payments & Transfers
PEPE ITALIAN STREE
==Food & Drink
PAYHANDYCOM
==Household Bills & Utilities
SPLASH SOHO
==Clothing & Grooming
CHATIME
==Food & Drink
PRET A MANGER
==Food & Drink
DENPLAN
==Healthcare
M & S
==Retail (Other)
M&S
==Retail (Other)
TRIPIT
==Entertainment & Leisure, Subscription
SAINSBURYS
==Retail (Other)
BT GROUP PLC
==Household Bills & Utilities, Subscription
PAYPAL
==Bank Payments & Transfers
Amazon
==Retail (Other)
BENITO'S HAT
==Food & Drink
VAPIANO
==Food & Drink
SUNRISE & COMPANY
==Retail (Other)
GAY LONDON W1D
==Entertainment & Leisure
25 DEVONSHIRE PLAC
==Healthcare
MARTY CITY
==Food & Drink
GOVINDASPUREVEGETA
==Food & Drink
THE LAUGHING STOCK
==Food & Drink
UNIQLO
==Clothing & Grooming
